// Jest Snapshot v1, https://goo.gl/fbAQLP

exports[`TabTools should render correct components 1`] = `
<div>
  <div
    class="flex items-center"
  >
    <button
      class="inline-flex items-center justify-center w-8 h-8 m-2 rounded-full hover:shadow-xs focus:outline-none focus:ring cursor-move hover:bg-blue-200 active:bg-blue-300"
    >
      â˜°
    </button>
    <tabmenu
      classes="[object Object]"
      tab="[object Object]"
    />
  </div>
</div>
`;

exports[`TabTools should render null 1`] = `<div />`;
